
> frontend@0.1.0 build
> next build

node.exe : ΓÜá Warning: 
Next.js inferred your 
workspace root, but it 
may not be correct.
At line:1 char:1
+ & "C:\Program 
Files\nodejs/node.exe" 
"C:\Program 
Files\nodejs/node_mo ...
+ ~~~~~~~~~~~~~~~~~~~~~~
~~~~~~~~~~~~~~~~~~~~~~~~
~~~~~~~~~~~~~~~~~~~~~~~
    + CategoryInfo      
        : NotSpecified: 
(Γ    Üá Warning: 
Ne...not     be 
correct.:String) [    
], RemoteException
    + 
FullyQualifiedError    
Id : NativeCommandErr   
 or
 
 We detected multiple 
lockfiles and selected 
the directory of F:\Vagv
edi\Desktop\STUFF\Farm2M
arket\package-lock.json 
as the root directory.
 To silence this 
warning, set 
`turbopack.root` in 
your Next.js config, or 
consider removing one 
of the lockfiles if 
it's not needed.
   See https://nextjs.or
g/docs/app/api-reference
/config/next-config-js/t
urbopack#root-directory 
for more information.
 Detected additional 
lockfiles: 
   * F:\Vagvedi\Desktop\
STUFF\Farm2Market\fronte
nd\package-lock.json

Γû▓ Next.js 16.2.2 (Turbopack)

  Creating an optimized production build ...
Error: Cannot apply 
unknown utility class 
`bg-primary`. Are you 
using CSS modules or 
similar and missing 
`@reference`? https://ta
ilwindcss.com/docs/funct
ions-and-directives#refe
rence-directive
    [2m[at 
onInvalidCandidate (F:\V
agvedi\Desktop\STUFF\Far
m2Market\frontend\node_m
odules\tailwindcss\dist\
lib.js:21:1314)][0m
    [2m[at Ee (F:\Vagve
di\Desktop\STUFF\Farm2Ma
rket\frontend\node_modul
es\tailwindcss\dist\lib.
js:16:37066)][0m
    [2m[at F:\Vagvedi\D
esktop\STUFF\Farm2Market
\frontend\node_modules\t
ailwindcss\dist\lib.js:2
1:355][0m
    [2m[at _r (F:\Vagve
di\Desktop\STUFF\Farm2Ma
rket\frontend\node_modul
es\tailwindcss\dist\lib.
js:3:1733)][0m
    [2m[at I (F:\Vagved
i\Desktop\STUFF\Farm2Mar
ket\frontend\node_module
s\tailwindcss\dist\lib.j
s:3:1377)][0m
    [2m[at Te (F:\Vagve
di\Desktop\STUFF\Farm2Ma
rket\frontend\node_modul
es\tailwindcss\dist\lib.
js:21:172)][0m
    [2m[at mn (F:\Vagve
di\Desktop\STUFF\Farm2Ma
rket\frontend\node_modul
es\tailwindcss\dist\lib.
js:38:294)][0m
    [2m[at process.proc
essTicksAndRejections (n
ode:internal/process/tas
k_queues:105:5)][0m
    [2m[at async gn (F:
\Vagvedi\Desktop\STUFF\F
arm2Market\frontend\node
_modules\tailwindcss\dis
t\lib.js:38:631)][0m
    [2m[at async Xr (F:
\Vagvedi\Desktop\STUFF\F
arm2Market\frontend\node
_modules\@tailwindcss\no
de\dist\index.js:10:3416
)][0m

> Build error occurred
Error: Turbopack build 
failed with 1 errors:
./frontend/app/globals.c
ss
Error evaluating 
Node.js code
CssSyntaxError: 
tailwindcss: F:\Vagvedi\
Desktop\STUFF\Farm2Marke
t\frontend\app\globals.c
ss:1:1: Cannot apply 
unknown utility class 
`bg-primary`. Are you 
using CSS modules or 
similar and missing 
`@reference`? https://ta
ilwindcss.com/docs/funct
ions-and-directives#refe
rence-directive
    at Input.error (fron
tend/node_modules/postcs
s/lib/input.js:135:16) [
F:\Vagvedi\Desktop\STUFF
\Farm2Market\frontend\.n
ext\build\chunks\0r9g_04
07~70._.js:4651:22]
    at error (frontend/n
ode_modules/postcss/lib/
node.js:146:32) [F:\Vagv
edi\Desktop\STUFF\Farm2M
arket\frontend\.next\bui
ld\chunks\0r9g_0407~70._
.js:928:38]
    [at Object.Once (F:\
Vagvedi\Desktop\STUFF\Fa
rm2Market\frontend\node_
modules\@tailwindcss\pos
tcss\dist\index.js:10:69
13)]
    [at process.processT
icksAndRejections (node:
internal/process/task_qu
eues:105:5)]
    at async 
LazyResult.runAsync (fro
ntend/node_modules/postc
ss/lib/lazy-result.js:29
3:11) [F:\Vagvedi\Deskto
p\STUFF\Farm2Market\fron
tend\.next\build\chunks\
0r9g_0407~70._.js:6214:2
1]
    at async transform (
turbopack:///[turbopack-
node]/transforms/postcss
.ts:70:34) [F:\Vagvedi\D
esktop\STUFF\Farm2Market
\frontend\.next\build\ch
unks\[root-of-the-server
]__048u7-j._.js:146:36]
    at async run (turbop
ack:///[turbopack-node]/
child_process/evaluate.t
s:89:23) [F:\Vagvedi\Des
ktop\STUFF\Farm2Market\f
rontend\.next\build\chun
ks\[root-of-the-server]_
_0mk3y20._.js:443:31]

Import trace:
  Client Component 
Browser:
    ./frontend/app/globa
ls.css [Client 
Component Browser]
    ./frontend/app/layou
t.tsx [Server Component]


    at async transform (
turbopack:///[turbopack-
node]/transforms/postcss
.ts:70:34) [F:\Vagvedi\D
esktop\STUFF\Farm2Market
\frontend\.next\build\ch
unks\[root-of-the-server
]__048u7-j._.js:146:36])
    at async run (turbop
ack:///[turbopack-node]/
child_process/evaluate.t
s:89:23) [F:\Vagvedi\Des
ktop\STUFF\Farm2Market\f
rontend\.next\build\chun
ks\[root-of-the-server]_
_0mk3y20._.js:443:31])
